# serializer version: 1
# name: test_diagnostics
  dict({
    'data': dict({
      'active_client_count': 1,
      'clients': list([
        dict({
          'active': True,
          'connected_since': '2026-10-01T08:00:00+00:00',
          'connection': 'wired',
          'friendly_name': None,
          'hostname': '**REDACTED**',
          'interface': 'eth4',
          'ip': '**REDACTED**',
          'ipv6': None,
          'lease_remaining': 43200.0,
          'lease_type': 'DHCP',
          'mac': '**REDACTED**',
          'port': '5',
          'speed_mbps': 2500,
          'ssid': None,
          'vendor_class': 'android-dhcp-14',
        }),
        dict({
          'active': False,
          'connected_since': None,
          'connection': 'wired',
          'friendly_name': None,
          'hostname': '**REDACTED**',
          'interface': 'eth4',
          'ip': '**REDACTED**',
          'ipv6': None,
          'lease_remaining': 43200.0,
          'lease_type': 'DHCP',
          'mac': '**REDACTED**',
          'port': '3',
          'speed_mbps': 1000,
          'ssid': None,
          'vendor_class': None,
        }),
      ]),
      'fetched_at': '2026-10-03T12:00:00+00:00',
      'gateway_info': dict({
        'cpu_pct': 2,
        'firmware_version': '20.3.i.0565-4629006-20260217054338.17',
        'hardware_version': 'GCNT-K',
        'mac': '**REDACTED**',
        'memory_pct': 54,
        'product': 'NH20T',
        'reboot_cause': 'User Initiated',
        'serial': '**REDACTED**',
        'software_version': '20.3.i.0565.17',
        'uptime': 4313032.0,
        'vendor': 'Technicolor',
      }),
      'gpon': dict({
        'bandwidth_down_mbps': 10000,
        'bandwidth_up_mbps': 10000,
        'bias_ma': 7.25,
        'rx_power_dbm': -17.544872,
        'temperature_c': 40.597656,
        'transceiver_type': 'XGS-PON',
        'tx_power_dbm': 6.5236239,
        'vcc_v': 3.31,
        'wavelength_down_nm': 1577,
        'wavelength_up_nm': 1270,
      }),
      'wan': dict({
        'connected': True,
        'dns': '**REDACTED**',
        'gateway': '**REDACTED**',
        'gpon_up': True,
        'ipv4': '**REDACTED**',
        'ipv6': None,
        'lease_expires': '2026-10-04T08:00:00',
        'lease_obtained': '2026-10-01T08:00:00',
        'link_up': True,
        'rx_bytes': 3939997125741,
        'rx_errors': 0,
        'rx_packets': 1000,
        'tx_bytes': 1393232473707,
        'tx_errors': 0,
        'tx_packets': 2000,
      }),
    }),
    'entry': dict({
      'data': dict({
        'host': '**REDACTED**',
        'password': '**REDACTED**',
        'username': '**REDACTED**',
      }),
      'options': dict({
      }),
      'title': 'NH20T',
    }),
    'last_update_success': True,
  })
# ---
